{"timestamp": "2025-11-21T20:32:02.847658", "level": "WARNING", "logger": "Perception", "message": "Tesseract-OCR não foi encontrado. OCR será limitado.", "module": "", "function": null, "line": 0}
{"timestamp": "2025-11-21T20:32:11.180146", "level": "INFO", "logger": "Perception", "message": "Iniciando: OCR", "module": "", "function": null, "line": 0}
{"timestamp": "2025-11-21T20:32:11.409932", "level": "WARNING", "logger": "Perception", "message": "Erro no OCR: tesseract is not installed or it's not in your PATH. See README file for more information., usando fallback", "module": "", "function": null, "line": 0}
{"timestamp": "2025-11-21T20:32:11.409932", "level": "INFO", "logger": "Perception", "message": "Concluído: OCR", "module": "", "function": null, "line": 0, "context": {"operation": "OCR", "elapsed_seconds": 0.23}}
{"timestamp": "2025-11-21T20:33:46.172755", "level": "INFO", "logger": "Perception", "message": "Iniciando: OCR", "module": "", "function": null, "line": 0}
{"timestamp": "2025-11-21T20:33:46.282032", "level": "WARNING", "logger": "Perception", "message": "Erro no OCR: tesseract is not installed or it's not in your PATH. See README file for more information., usando fallback", "module": "", "function": null, "line": 0}
{"timestamp": "2025-11-21T20:33:46.282032", "level": "INFO", "logger": "Perception", "message": "Concluído: OCR", "module": "", "function": null, "line": 0, "context": {"operation": "OCR", "elapsed_seconds": 0.111}}
{"timestamp": "2025-11-21T20:33:46.282032", "level": "INFO", "logger": "Perception", "message": "Iniciando: OCR", "module": "", "function": null, "line": 0}
{"timestamp": "2025-11-21T20:33:46.406511", "level": "WARNING", "logger": "Perception", "message": "Erro no OCR: tesseract is not installed or it's not in your PATH. See README file for more information., usando fallback", "module": "", "function": null, "line": 0}
{"timestamp": "2025-11-21T20:33:46.408265", "level": "INFO", "logger": "Perception", "message": "Concluído: OCR", "module": "", "function": null, "line": 0, "context": {"operation": "OCR", "elapsed_seconds": 0.124}}
{"timestamp": "2025-11-21T20:33:52.570015", "level": "INFO", "logger": "Perception", "message": "Iniciando: OCR", "module": "", "function": null, "line": 0}
{"timestamp": "2025-11-21T20:33:52.694608", "level": "WARNING", "logger": "Perception", "message": "Erro no OCR: tesseract is not installed or it's not in your PATH. See README file for more information., usando fallback", "module": "", "function": null, "line": 0}
{"timestamp": "2025-11-21T20:33:52.694608", "level": "INFO", "logger": "Perception", "message": "Concluído: OCR", "module": "", "function": null, "line": 0, "context": {"operation": "OCR", "elapsed_seconds": 0.125}}
{"timestamp": "2025-11-21T20:33:54.853331", "level": "INFO", "logger": "Perception", "message": "Iniciando: OCR", "module": "", "function": null, "line": 0}
{"timestamp": "2025-11-21T20:33:54.996952", "level": "WARNING", "logger": "Perception", "message": "Erro no OCR: tesseract is not installed or it's not in your PATH. See README file for more information., usando fallback", "module": "", "function": null, "line": 0}
{"timestamp": "2025-11-21T20:33:55.004059", "level": "INFO", "logger": "Perception", "message": "Concluído: OCR", "module": "", "function": null, "line": 0, "context": {"operation": "OCR", "elapsed_seconds": 0.148}}
{"timestamp": "2025-11-21T20:33:55.652398", "level": "INFO", "logger": "Perception", "message": "Iniciando: OCR", "module": "", "function": null, "line": 0}
{"timestamp": "2025-11-21T20:33:55.793345", "level": "WARNING", "logger": "Perception", "message": "Erro no OCR: tesseract is not installed or it's not in your PATH. See README file for more information., usando fallback", "module": "", "function": null, "line": 0}
{"timestamp": "2025-11-21T20:33:55.793345", "level": "INFO", "logger": "Perception", "message": "Concluído: OCR", "module": "", "function": null, "line": 0, "context": {"operation": "OCR", "elapsed_seconds": 0.141}}
{"timestamp": "2025-11-21T20:33:56.440825", "level": "INFO", "logger": "Perception", "message": "Iniciando: OCR", "module": "", "function": null, "line": 0}
{"timestamp": "2025-11-21T20:33:56.582021", "level": "WARNING", "logger": "Perception", "message": "Erro no OCR: tesseract is not installed or it's not in your PATH. See README file for more information., usando fallback", "module": "", "function": null, "line": 0}
{"timestamp": "2025-11-21T20:33:56.586046", "level": "INFO", "logger": "Perception", "message": "Concluído: OCR", "module": "", "function": null, "line": 0, "context": {"operation": "OCR", "elapsed_seconds": 0.141}}
{"timestamp": "2025-11-21T20:34:26.180588", "level": "WARNING", "logger": "Perception", "message": "Tesseract-OCR não foi encontrado. OCR será limitado.", "module": "", "function": null, "line": 0}
{"timestamp": "2025-11-21T20:40:43.199045", "level": "WARNING", "logger": "Perception", "message": "Tesseract-OCR não foi encontrado. OCR será limitado.", "module": "", "function": null, "line": 0}
{"timestamp": "2025-11-21T20:40:55.008530", "level": "INFO", "logger": "Perception", "message": "Iniciando: OCR", "module": "", "function": null, "line": 0}
{"timestamp": "2025-11-21T20:40:55.358115", "level": "WARNING", "logger": "Perception", "message": "Erro no OCR: tesseract is not installed or it's not in your PATH. See README file for more information., usando fallback", "module": "", "function": null, "line": 0}
{"timestamp": "2025-11-21T20:40:55.360127", "level": "INFO", "logger": "Perception", "message": "Concluído: OCR", "module": "", "function": null, "line": 0, "context": {"operation": "OCR", "elapsed_seconds": 0.35}}
{"timestamp": "2025-11-21T20:41:01.638420", "level": "INFO", "logger": "Perception", "message": "Iniciando: OCR", "module": "", "function": null, "line": 0}
{"timestamp": "2025-11-21T20:41:01.760896", "level": "WARNING", "logger": "Perception", "message": "Erro no OCR: tesseract is not installed or it's not in your PATH. See README file for more information., usando fallback", "module": "", "function": null, "line": 0}
{"timestamp": "2025-11-21T20:41:01.760896", "level": "INFO", "logger": "Perception", "message": "Concluído: OCR", "module": "", "function": null, "line": 0, "context": {"operation": "OCR", "elapsed_seconds": 0.122}}
{"timestamp": "2025-11-24T17:31:14.371920", "level": "WARNING", "logger": "Perception", "message": "Tesseract-OCR não foi encontrado. OCR será limitado.", "module": "", "function": null, "line": 0}
{"timestamp": "2025-11-24T17:31:45.191138", "level": "WARNING", "logger": "Perception", "message": "Tesseract-OCR não foi encontrado. OCR será limitado.", "module": "", "function": null, "line": 0}
{"timestamp": "2025-11-24T17:34:46.043020", "level": "WARNING", "logger": "Perception", "message": "Tesseract-OCR não foi encontrado. OCR será limitado.", "module": "", "function": null, "line": 0}
{"timestamp": "2025-11-24T17:35:08.653882", "level": "WARNING", "logger": "Perception", "message": "Tesseract-OCR não foi encontrado. OCR será limitado.", "module": "", "function": null, "line": 0}
{"timestamp": "2025-11-24T17:35:33.331352", "level": "WARNING", "logger": "Perception", "message": "Tesseract-OCR não foi encontrado. OCR será limitado.", "module": "", "function": null, "line": 0}
{"timestamp": "2025-11-24T18:02:42.220785", "level": "WARNING", "logger": "Perception", "message": "Tesseract-OCR não foi encontrado. OCR será limitado.", "module": "", "function": null, "line": 0}
{"timestamp": "2025-11-24T18:32:06.156922", "level": "WARNING", "logger": "Perception", "message": "Tesseract-OCR não foi encontrado. OCR será limitado.", "module": "", "function": null, "line": 0}
{"timestamp": "2025-11-24T18:37:14.360267", "level": "INFO", "logger": "Perception", "message": "Tesseract configurado em: C:\\Users\\A21057836\\AppData\\Local\\Programs\\Tesseract-OCR\\tesseract.exe", "module": "", "function": null, "line": 0}
{"timestamp": "2025-11-24T18:37:33.684178", "level": "INFO", "logger": "Perception", "message": "Iniciando: OCR", "module": "", "function": null, "line": 0}
{"timestamp": "2025-11-24T18:37:38.151079", "level": "INFO", "logger": "Perception", "message": "Concluído: OCR", "module": "", "function": null, "line": 0, "context": {"operation": "OCR", "elapsed_seconds": 4.467}}
{"timestamp": "2025-11-24T18:38:29.433752", "level": "INFO", "logger": "Perception", "message": "Iniciando: OCR", "module": "", "function": null, "line": 0}
{"timestamp": "2025-11-24T18:38:33.516548", "level": "INFO", "logger": "Perception", "message": "Concluído: OCR", "module": "", "function": null, "line": 0, "context": {"operation": "OCR", "elapsed_seconds": 4.087}}
{"timestamp": "2025-11-24T18:39:56.695128", "level": "INFO", "logger": "Perception", "message": "Iniciando: OCR", "module": "", "function": null, "line": 0}
{"timestamp": "2025-11-24T18:40:01.484870", "level": "INFO", "logger": "Perception", "message": "Concluído: OCR", "module": "", "function": null, "line": 0, "context": {"operation": "OCR", "elapsed_seconds": 4.791}}
{"timestamp": "2025-11-24T18:41:49.477658", "level": "INFO", "logger": "Perception", "message": "Iniciando: OCR", "module": "", "function": null, "line": 0}
{"timestamp": "2025-11-24T18:41:54.634306", "level": "INFO", "logger": "Perception", "message": "Concluído: OCR", "module": "", "function": null, "line": 0, "context": {"operation": "OCR", "elapsed_seconds": 5.166}}
{"timestamp": "2025-11-24T18:45:11.740815", "level": "INFO", "logger": "Perception", "message": "Iniciando: OCR", "module": "", "function": null, "line": 0}
{"timestamp": "2025-11-24T18:45:16.697052", "level": "INFO", "logger": "Perception", "message": "Concluído: OCR", "module": "", "function": null, "line": 0, "context": {"operation": "OCR", "elapsed_seconds": 4.962}}
{"timestamp": "2025-11-24T18:48:14.401294", "level": "INFO", "logger": "Perception", "message": "Iniciando: OCR", "module": "", "function": null, "line": 0}
{"timestamp": "2025-11-24T18:48:19.890038", "level": "INFO", "logger": "Perception", "message": "Concluído: OCR", "module": "", "function": null, "line": 0, "context": {"operation": "OCR", "elapsed_seconds": 5.501}}
{"timestamp": "2025-11-24T18:51:39.121165", "level": "INFO", "logger": "Perception", "message": "Iniciando: OCR", "module": "", "function": null, "line": 0}
{"timestamp": "2025-11-24T18:51:44.412962", "level": "INFO", "logger": "Perception", "message": "Concluído: OCR", "module": "", "function": null, "line": 0, "context": {"operation": "OCR", "elapsed_seconds": 5.292}}
{"timestamp": "2025-11-24T18:52:22.728622", "level": "INFO", "logger": "Perception", "message": "Iniciando: OCR", "module": "", "function": null, "line": 0}
{"timestamp": "2025-11-24T18:52:27.952508", "level": "INFO", "logger": "Perception", "message": "Concluído: OCR", "module": "", "function": null, "line": 0, "context": {"operation": "OCR", "elapsed_seconds": 5.224}}
{"timestamp": "2025-11-24T18:55:11.511163", "level": "INFO", "logger": "Perception", "message": "Iniciando: OCR", "module": "", "function": null, "line": 0}
{"timestamp": "2025-11-24T18:55:16.572611", "level": "INFO", "logger": "Perception", "message": "Concluído: OCR", "module": "", "function": null, "line": 0, "context": {"operation": "OCR", "elapsed_seconds": 5.061}}
{"timestamp": "2025-11-24T18:55:39.381336", "level": "INFO", "logger": "Perception", "message": "Tesseract configurado em: C:\\Users\\A21057836\\AppData\\Local\\Programs\\Tesseract-OCR\\tesseract.exe", "module": "", "function": null, "line": 0}
{"timestamp": "2025-11-25T19:45:28.285009", "level": "INFO", "logger": "Perception", "message": "Tesseract configurado em: C:\\Users\\A21057836\\AppData\\Local\\Programs\\Tesseract-OCR\\tesseract.exe", "module": "", "function": null, "line": 0}
{"timestamp": "2025-11-25T19:45:53.791523", "level": "INFO", "logger": "Perception", "message": "Iniciando: OCR", "module": "", "function": null, "line": 0}
{"timestamp": "2025-11-25T19:45:57.687823", "level": "INFO", "logger": "Perception", "message": "Concluído: OCR", "module": "", "function": null, "line": 0, "context": {"operation": "OCR", "elapsed_seconds": 3.886}}
{"timestamp": "2025-11-25T19:46:28.093956", "level": "INFO", "logger": "Perception", "message": "Iniciando: OCR", "module": "", "function": null, "line": 0}
{"timestamp": "2025-11-25T19:46:31.934081", "level": "INFO", "logger": "Perception", "message": "Concluído: OCR", "module": "", "function": null, "line": 0, "context": {"operation": "OCR", "elapsed_seconds": 3.84}}
{"timestamp": "2025-11-25T19:52:12.219023", "level": "INFO", "logger": "Perception", "message": "Tesseract configurado em: C:\\Users\\A21057836\\AppData\\Local\\Programs\\Tesseract-OCR\\tesseract.exe", "module": "", "function": null, "line": 0}
{"timestamp": "2025-11-25T19:52:38.722147", "level": "INFO", "logger": "Perception", "message": "Iniciando: OCR", "module": "", "function": null, "line": 0}
{"timestamp": "2025-11-25T19:52:43.433709", "level": "INFO", "logger": "Perception", "message": "Concluído: OCR", "module": "", "function": null, "line": 0, "context": {"operation": "OCR", "elapsed_seconds": 4.705}}
{"timestamp": "2025-11-25T20:11:27.199444", "level": "INFO", "logger": "Perception", "message": "Tesseract configurado em: C:\\Users\\A21057836\\AppData\\Local\\Programs\\Tesseract-OCR\\tesseract.exe", "module": "", "function": null, "line": 0}
{"timestamp": "2025-11-25T20:15:23.591255", "level": "INFO", "logger": "Perception", "message": "Tesseract configurado em: C:\\Users\\A21057836\\AppData\\Local\\Programs\\Tesseract-OCR\\tesseract.exe", "module": "", "function": null, "line": 0}
{"timestamp": "2025-11-25T20:15:46.919934", "level": "INFO", "logger": "Perception", "message": "Iniciando: OCR", "module": "", "function": null, "line": 0}
{"timestamp": "2025-11-25T20:15:51.000421", "level": "INFO", "logger": "Perception", "message": "Concluído: OCR", "module": "", "function": null, "line": 0, "context": {"operation": "OCR", "elapsed_seconds": 4.081}}
{"timestamp": "2025-11-25T20:22:09.095315", "level": "INFO", "logger": "Perception", "message": "Tesseract configurado em: C:\\Users\\A21057836\\AppData\\Local\\Programs\\Tesseract-OCR\\tesseract.exe", "module": "", "function": null, "line": 0}
{"timestamp": "2025-11-25T20:22:53.741731", "level": "INFO", "logger": "Perception", "message": "Iniciando: OCR", "module": "", "function": null, "line": 0}
{"timestamp": "2025-11-25T20:22:58.875140", "level": "INFO", "logger": "Perception", "message": "Concluído: OCR", "module": "", "function": null, "line": 0, "context": {"operation": "OCR", "elapsed_seconds": 5.134}}
{"timestamp": "2025-11-25T20:26:35.441180", "level": "INFO", "logger": "Perception", "message": "Tesseract configurado em: C:\\Users\\A21057836\\AppData\\Local\\Programs\\Tesseract-OCR\\tesseract.exe", "module": "", "function": null, "line": 0}
{"timestamp": "2025-11-25T20:27:02.852672", "level": "INFO", "logger": "Perception", "message": "Iniciando: OCR", "module": "", "function": null, "line": 0}
{"timestamp": "2025-11-25T20:27:07.350562", "level": "INFO", "logger": "Perception", "message": "Concluído: OCR", "module": "", "function": null, "line": 0, "context": {"operation": "OCR", "elapsed_seconds": 4.499}}
{"timestamp": "2025-11-25T20:29:41.639351", "level": "INFO", "logger": "Perception", "message": "Tesseract configurado em: C:\\Users\\A21057836\\AppData\\Local\\Programs\\Tesseract-OCR\\tesseract.exe", "module": "", "function": null, "line": 0}
{"timestamp": "2025-11-25T20:29:59.011389", "level": "INFO", "logger": "Perception", "message": "Iniciando: OCR", "module": "", "function": null, "line": 0}
{"timestamp": "2025-11-25T20:30:02.672958", "level": "INFO", "logger": "Perception", "message": "Concluído: OCR", "module": "", "function": null, "line": 0, "context": {"operation": "OCR", "elapsed_seconds": 3.664}}
{"timestamp": "2025-11-25T20:32:23.310747", "level": "INFO", "logger": "Perception", "message": "Iniciando: OCR", "module": "", "function": null, "line": 0}
{"timestamp": "2025-11-25T20:32:29.003374", "level": "INFO", "logger": "Perception", "message": "Concluído: OCR", "module": "", "function": null, "line": 0, "context": {"operation": "OCR", "elapsed_seconds": 5.696}}
{"timestamp": "2025-11-25T20:32:41.143867", "level": "INFO", "logger": "Perception", "message": "Iniciando: OCR", "module": "", "function": null, "line": 0}
{"timestamp": "2025-11-25T20:32:46.294476", "level": "INFO", "logger": "Perception", "message": "Concluído: OCR", "module": "", "function": null, "line": 0, "context": {"operation": "OCR", "elapsed_seconds": 5.152}}
{"timestamp": "2025-11-25T20:32:57.395949", "level": "INFO", "logger": "Perception", "message": "Iniciando: OCR", "module": "", "function": null, "line": 0}
{"timestamp": "2025-11-25T20:33:02.457300", "level": "INFO", "logger": "Perception", "message": "Concluído: OCR", "module": "", "function": null, "line": 0, "context": {"operation": "OCR", "elapsed_seconds": 5.061}}
{"timestamp": "2025-11-25T20:33:32.682399", "level": "INFO", "logger": "Perception", "message": "Iniciando: OCR", "module": "", "function": null, "line": 0}
{"timestamp": "2025-11-25T20:33:37.839828", "level": "INFO", "logger": "Perception", "message": "Concluído: OCR", "module": "", "function": null, "line": 0, "context": {"operation": "OCR", "elapsed_seconds": 5.145}}
{"timestamp": "2025-11-25T20:40:38.286490", "level": "INFO", "logger": "Perception", "message": "Tesseract configurado em: C:\\Users\\A21057836\\AppData\\Local\\Programs\\Tesseract-OCR\\tesseract.exe", "module": "", "function": null, "line": 0}
{"timestamp": "2025-11-25T20:47:01.845437", "level": "INFO", "logger": "Perception", "message": "Tesseract configurado em: C:\\Users\\A21057836\\AppData\\Local\\Programs\\Tesseract-OCR\\tesseract.exe", "module": "", "function": null, "line": 0}
{"timestamp": "2025-11-25T20:48:21.034590", "level": "INFO", "logger": "Perception", "message": "Tesseract configurado em: C:\\Users\\A21057836\\AppData\\Local\\Programs\\Tesseract-OCR\\tesseract.exe", "module": "", "function": null, "line": 0}
{"timestamp": "2025-11-25T20:50:05.098399", "level": "INFO", "logger": "Perception", "message": "Tesseract configurado em: C:\\Users\\A21057836\\AppData\\Local\\Programs\\Tesseract-OCR\\tesseract.exe", "module": "", "function": null, "line": 0}
{"timestamp": "2025-11-25T20:50:05.214375", "level": "INFO", "logger": "Perception", "message": "Iniciando: OCR", "module": "", "function": null, "line": 0}
{"timestamp": "2025-11-25T20:50:11.096706", "level": "INFO", "logger": "Perception", "message": "Concluído: OCR", "module": "", "function": null, "line": 0, "context": {"operation": "OCR", "elapsed_seconds": 5.882}}
{"timestamp": "2025-11-25T20:50:35.719498", "level": "INFO", "logger": "Perception", "message": "Iniciando: OCR", "module": "", "function": null, "line": 0}
